src/components/ErrorBoundary.tsx(16,14): error TS2339: Property 'state' does not exist on type 'ErrorBoundary'.
src/components/ErrorBoundary.tsx(28,18): error TS2339: Property 'state' does not exist on type 'ErrorBoundary'.
src/components/ErrorBoundary.tsx(43,93): error TS2339: Property 'state' does not exist on type 'ErrorBoundary'.
src/store/useAppStore.ts(8,8): error TS2307: Cannot find module '../types' or its corresponding type declarations.
